  \node[tick] at (1, 0)  {} ;
  \node[date] at (1, 0)  {1} ;
  \node[tick] at (2, 0)  {} ;
  \node[date] at (2, 0)  {2} ;
  \node[tick] at (2, -1)  {} ;
  \node[tick] at (3, 0)  {} ;
  \node[date] at (3, 0)  {3} ;
  \node[tick] at (3, -1)  {} ;
  \node[tick] at (4, 0)  {} ;
  \node[date] at (4, 0)  {4} ;
  \node[tick] at (5, 0)  {} ;
  \node[date] at (5, 0)  {5} ;
  \node[tick] at (5, -1)  {} ;
