  \node[tick] at (1, -1)  {} ;
  \node[date] at (1, -1)  {2} ;
  \node[tick] at (1, 0)  {} ;
  \node[date] at (1, 0)  {1} ;
