  \node[tick] at (1, 0)  {} ;
  \node[date] at (1, 0)  {1} ;
