  \node       at (3+0.1, -1+0.1)  {\Cross} ;
  \node[tick] at (1, -1)  {} ;
  \node[date] at (1, -1)  {2} ;
  \node[tick] at (1, 0)  {} ;
  \node[date] at (1, 0)  {1} ;
