  \node[date] at (1, 0)  {1.} ;
  \node[date] at (1, -1)  {1.} ;
