  \node       at (1+0.1, -4+0.1)  {\Cross} ;
  \node       at (1+0.1, -7+0.1)  {\Cross} ;
  \node       at (1+0.1, -3+0.1)  {\Cross} ;
  \node       at (1+0.1, -10+0.1)  {\Cross} ;
  \node       at (2+0.1, -4+0.1)  {\Cross} ;
  \node       at (2+0.1, -3+0.1)  {\Cross} ;
  \node       at (2+0.1, -10+0.1)  {\Cross} ;
  \node       at (3+0.1, -4+0.1)  {\Cross} ;
  \node       at (3+0.1, -7+0.1)  {\Cross} ;
  \node       at (3+0.1, -3+0.1)  {\Cross} ;
  \node       at (3+0.1, -3+0.25)  {$\Skull$} ;
  \node       at (3+0.1, -8+0.1)  {\Cross} ;
  \node       at (4+0.1, -4+0.1)  {\Cross} ;
  \node       at (4+0.1, -7+0.1)  {\Cross} ;
  \node       at (4+0.1, -3+0.1)  {\Cross} ;
  \node       at (4+0.1, -10+0.1)  {\Cross} ;
  \node       at (4+0.1, -8+0.1)  {\Cross} ;
  \node       at (4+0.1, -9+0.1)  {\Cross} ;
  \node       at (5+0.1, -4+0.1)  {\Cross} ;
  \node       at (5+0.1, -7+0.1)  {\Cross} ;
  \node       at (5+0.1, -3+0.1)  {\Cross} ;
  \node       at (5+0.1, -10+0.1)  {\Cross} ;
  \node       at (5+0.1, -8+0.1)  {\Cross} ;
  \node       at (5+0.1, -9+0.1)  {\Cross} ;
  \node       at (6+0.1, -4+0.1)  {\Cross} ;
  \node       at (6+0.1, -7+0.1)  {\Cross} ;
  \node       at (6+0.1, -3+0.1)  {\Cross} ;
  \node       at (6+0.1, -10+0.1)  {\Cross} ;
  \node       at (6+0.1, -8+0.1)  {\Cross} ;
  \node       at (6+0.1, -9+0.1)  {\Cross} ;
  \node[tick] at (1, 0)  {} ;
  \node[date] at (1, 0)  {0.} ;
  \node[date] at (1, -2)  {0.} ;
  \node[date] at (1, -1)  {0.} ;
  \node[date] at (2, -2)  {72.} ;
  \node[tick] at (2, -7)  {} ;
  \node[date] at (2, -1)  {37.04} ;
  \node[date] at (2, 0)  {16.} ;
  \node[tick] at (1, -5)  {} ;
  \node[tick] at (1, -6)  {} ;
  \node[date] at (3, 0)  {25.} ;
  \node[tick] at (3, -9)  {} ;
  \node[date] at (3, -2)  {112.5} ;
  \node[date] at (3, -1)  {57.875} ;
  \node[tick] at (3, -10)  {} ;
