  \node       at (1+0.1, -4+0.1)  {\Cross} ;
  \node       at (1+0.1, -7+0.1)  {\Cross} ;
  \node       at (1+0.1, -3+0.1)  {\Cross} ;
  \node       at (1+0.1, -10+0.1)  {\Cross} ;
  \node       at (2+0.1, -4+0.1)  {\Cross} ;
  \node       at (2+0.1, -7+0.1)  {\Cross} ;
  \node       at (2+0.1, -3+0.1)  {\Cross} ;
  \node       at (2+0.1, -10+0.1)  {\Cross} ;
  \node       at (3+0.1, -4+0.1)  {\Cross} ;
  \node       at (3+0.1, -3+0.1)  {\Cross} ;
  \node       at (3+0.1, -10+0.1)  {\Cross} ;
  \node       at (4+0.1, -4+0.1)  {\Cross} ;
  \node       at (4+0.1, -7+0.1)  {\Cross} ;
  \node       at (4+0.1, -9+0.25)  {$\Skull$} ;
  \node       at (4+0.1, -10+0.1)  {\Cross} ;
  \node       at (4+0.1, -8+0.1)  {\Cross} ;
  \node       at (4+0.1, -9+0.1)  {\Cross} ;
  \node       at (5+0.1, -7+0.1)  {\Cross} ;
  \node       at (5+0.1, -3+0.1)  {\Cross} ;
  \node       at (5+0.1, -10+0.1)  {\Cross} ;
  \node       at (5+0.1, -8+0.1)  {\Cross} ;
  \node       at (5+0.1, -9+0.1)  {\Cross} ;
  \node       at (6+0.1, -4+0.1)  {\Cross} ;
  \node       at (6+0.1, -7+0.1)  {\Cross} ;
  \node       at (6+0.1, -3+0.1)  {\Cross} ;
  \node       at (6+0.1, -10+0.1)  {\Cross} ;
  \node       at (6+0.1, -8+0.1)  {\Cross} ;
  \node       at (6+0.1, -9+0.1)  {\Cross} ;
  \node[tick] at (1, 0)  {} ;
  \node[date] at (1, 0)  {0.0} ;
  \node[date] at (1, -2)  {0.0} ;
  \node[date] at (1, -1)  {0.0} ;
  \node[date] at (2, 0)  {15.0} ;
  \node[tick] at (2, -9)  {} ;
  \node[date] at (2, -2)  {67.5} ;
  \node[date] at (2, -1)  {34.725} ;
  \node[tick] at (1, -5)  {} ;
  \node[tick] at (1, -6)  {} ;
  \node[date] at (3, -2)  {72.0} ;
  \node[tick] at (3, -7)  {} ;
  \node[date] at (3, -1)  {37.04} ;
  \node[date] at (3, 0)  {16.0} ;
  \node[date] at (4, -2)  {118.0} ;
  \node[tick] at (4, -3)  {} ;
  \node[date] at (4, -1)  {60.70444444} ;
  \node[date] at (4, 0)  {26.22222222} ;
  \node[date] at (5, -2)  {126.0} ;
  \node[tick] at (5, -4)  {} ;
  \node[date] at (5, -1)  {64.82} ;
  \node[date] at (5, 0)  {28.0} ;
  \node[date] at (6, 0)  {31.0} ;
  \node[tick] at (6, -11)  {} ;
  \node[date] at (6, -2)  {139.5} ;
  \node[date] at (6, -1)  {71.765} ;
