  \node       at (9+0.1, 0+0.1)  {\Cross} ;
  \node       at (13+0.1, 0+0.1)  {\Cross} ;
  \node[tick] at (1, -3)  {} ;
  \node[date] at (1, -3)  {0.} ;
  \node[tick] at (1, 0)  {} ;
  \node[date] at (1, 0)  {0.} ;
  \node[date] at (1, -2)  {0.} ;
  \node[date] at (1, -1)  {0.} ;
  \node[date] at (2, 0)  {2.5} ;
  \node[tick] at (2, 0)  {} ;
  \node[date] at (2, -2)  {11.25} ;
  \node[date] at (2, -1)  {5.7875} ;
  \node[date] at (2, -3)  {14.46875} ;
  \node[date] at (3, 0)  {5.} ;
  \node[tick] at (3, 0)  {} ;
  \node[date] at (3, -2)  {22.5} ;
  \node[date] at (3, -1)  {11.575} ;
  \node[date] at (3, -3)  {43.40625} ;
  \node[date] at (4, 0)  {7.5} ;
  \node[tick] at (4, 0)  {} ;
  \node[date] at (4, -2)  {33.75} ;
  \node[date] at (4, -1)  {17.3625} ;
  \node[date] at (4, -3)  {86.8125} ;
  \node[date] at (5, 0)  {10.} ;
  \node[tick] at (5, 0)  {} ;
  \node[date] at (5, -2)  {45.} ;
  \node[date] at (5, -1)  {23.15} ;
  \node[date] at (5, -3)  {144.6875} ;
  \node[date] at (6, 0)  {12.5} ;
  \node[tick] at (6, 0)  {} ;
  \node[date] at (6, -2)  {56.25} ;
  \node[date] at (6, -1)  {28.9375} ;
  \node[date] at (6, -3)  {217.03125} ;
  \node[date] at (7, 0)  {15.} ;
  \node[tick] at (7, 0)  {} ;
  \node[date] at (7, -2)  {67.5} ;
  \node[date] at (7, -1)  {34.725} ;
  \node[date] at (7, -3)  {303.84375} ;
  \node[date] at (8, 0)  {17.5} ;
  \node[tick] at (8, 0)  {} ;
  \node[date] at (8, -2)  {78.75} ;
  \node[date] at (8, -1)  {40.5125} ;
  \node[date] at (8, -3)  {405.125} ;
  \node[date] at (9, 0)  {20.} ;
  \node[tick] at (9, -8)  {} ;
  \node[date] at (9, -2)  {90.} ;
  \node[date] at (9, -1)  {46.3} ;
  \node[date] at (9, -3)  {520.875} ;
  \node[tick] at (9, -6)  {} ;
  \node[date] at (9, -6)  {520.875} ;
  \node[tick] at (9, -5)  {} ;
  \node[date] at (9, -5)  {90.} ;
  \node[date] at (10, 0)  {20.} ;
  \node[tick] at (10, 0)  {} ;
  \node[date] at (10, -2)  {90.} ;
  \node[date] at (10, -1)  {46.3} ;
  \node[date] at (10, -5)  {90.} ;
  \node[date] at (10, -4)  {46.3} ;
  \node[date] at (10, -3)  {520.875} ;
  \node[date] at (10, -6)  {520.875} ;
  \node[date] at (11, 0)  {22.5} ;
  \node[tick] at (11, 0)  {} ;
  \node[date] at (11, -2)  {101.25} ;
  \node[date] at (11, -1)  {52.0875} ;
  \node[date] at (11, -5)  {82.5} ;
  \node[date] at (11, -4)  {42.4416666667} ;
  \node[date] at (11, -3)  {651.09375} ;
  \node[date] at (11, -6)  {626.979166667} ;
  \node[date] at (12, 0)  {25.} ;
  \node[tick] at (12, 0)  {} ;
  \node[date] at (12, -2)  {112.5} ;
  \node[date] at (12, -1)  {57.875} ;
  \node[date] at (12, -5)  {75.} ;
  \node[date] at (12, -4)  {38.5833333333} ;
  \node[date] at (12, -3)  {795.78125} ;
  \node[date] at (12, -6)  {723.4375} ;
  \node[date] at (13, -2)  {118.} ;
  \node[tick] at (13, -7)  {} ;
  \node[date] at (13, -1)  {60.7044444444} ;
  \node[date] at (13, -5)  {71.3333333333} ;
  \node[date] at (13, -4)  {36.697037037} ;
  \node[date] at (13, 0)  {26.2222222222} ;
  \node[date] at (13, -3)  {869.975570988} ;
  \node[date] at (13, -6)  {768.289434156} ;
  \node[date] at (14, 0)  {27.5} ;
  \node[tick] at (14, 0)  {} ;
  \node[date] at (14, -2)  {123.75} ;
  \node[date] at (14, -1)  {63.6625} ;
  \node[date] at (14, -5)  {67.5} ;
  \node[date] at (14, -4)  {34.725} ;
  \node[date] at (14, -3)  {951.322098765} ;
  \node[date] at (14, -6)  {812.66026749} ;
  \node[date] at (15, 0)  {30.} ;
  \node[tick] at (15, 0)  {} ;
  \node[date] at (15, -2)  {135.} ;
  \node[date] at (15, -1)  {69.45} ;
  \node[date] at (15, -5)  {60.} ;
  \node[date] at (15, -4)  {30.8666666667} ;
  \node[date] at (15, -3)  {1124.94709877} ;
  \node[date] at (15, -6)  {889.826934156} ;
  \node[date] at (16, 0)  {32.5} ;
  \node[tick] at (16, 0)  {} ;
  \node[date] at (16, -2)  {146.25} ;
  \node[date] at (16, -1)  {75.2375} ;
  \node[date] at (16, -5)  {52.5} ;
  \node[date] at (16, -4)  {27.0083333333} ;
  \node[date] at (16, -3)  {1313.04084877} ;
  \node[date] at (16, -6)  {957.34776749} ;
  \node[date] at (17, 0)  {35.} ;
  \node[tick] at (17, 0)  {} ;
  \node[date] at (17, -2)  {157.5} ;
  \node[date] at (17, -1)  {81.025} ;
  \node[date] at (17, -5)  {45.} ;
  \node[date] at (17, -4)  {23.15} ;
  \node[date] at (17, -3)  {1515.60334877} ;
  \node[date] at (17, -6)  {1015.22276749} ;
  \node[date] at (18, 0)  {37.5} ;
  \node[tick] at (18, 0)  {} ;
  \node[date] at (18, -2)  {168.75} ;
  \node[date] at (18, -1)  {86.8125} ;
  \node[date] at (18, -5)  {37.5} ;
  \node[date] at (18, -4)  {19.2916666667} ;
  \node[date] at (18, -3)  {1732.63459877} ;
  \node[date] at (18, -6)  {1063.45193416} ;
  \node[date] at (19, 0)  {40.} ;
  \node[tick] at (19, 0)  {} ;
  \node[date] at (19, -2)  {180.} ;
  \node[date] at (19, -1)  {92.6} ;
  \node[date] at (19, -5)  {30.} ;
  \node[date] at (19, -4)  {15.4333333333} ;
  \node[date] at (19, -3)  {1964.13459877} ;
  \node[date] at (19, -6)  {1102.03526749} ;
  \node[date] at (20, 0)  {42.5} ;
  \node[tick] at (20, 0)  {} ;
  \node[date] at (20, -2)  {191.25} ;
  \node[date] at (20, -1)  {98.3875} ;
  \node[date] at (20, -5)  {22.5} ;
  \node[date] at (20, -4)  {11.575} ;
  \node[date] at (20, -3)  {2210.10334877} ;
  \node[date] at (20, -6)  {1130.97276749} ;
  \node[date] at (21, 0)  {45.} ;
  \node[tick] at (21, 0)  {} ;
  \node[date] at (21, -2)  {202.5} ;
  \node[date] at (21, -1)  {104.175} ;
  \node[date] at (21, -5)  {15.} ;
  \node[date] at (21, -4)  {7.71666666667} ;
  \node[date] at (21, -3)  {2470.54084877} ;
  \node[date] at (21, -6)  {1150.26443416} ;
  \node[date] at (22, 0)  {47.5} ;
  \node[tick] at (22, 0)  {} ;
  \node[date] at (22, -2)  {213.75} ;
  \node[date] at (22, -1)  {109.9625} ;
  \node[date] at (22, -5)  {7.5} ;
  \node[date] at (22, -4)  {3.85833333333} ;
  \node[date] at (22, -3)  {2745.44709877} ;
  \node[date] at (22, -6)  {1159.91026749} ;
  \node[date] at (23, 0)  {50.} ;
  \node[tick] at (23, 0)  {} ;
  \node[date] at (23, -2)  {225.} ;
  \node[date] at (23, -1)  {115.75} ;
  \node[date] at (23, -5)  {0.} ;
  \node[date] at (23, -4)  {0.} ;
  \node[date] at (23, -3)  {3034.82209877} ;
  \node[date] at (23, -6)  {1159.91026749} ;
