  \node       at (1+0.1, -6+0.1)  {\Cross} ;
  \node       at (1+0.1, -5+0.1)  {\Cross} ;
  \node       at (1+0.1, -2+0.1)  {\Cross} ;
  \node       at (2+0.1, 0+0.1)  {\Cross} ;
  \node       at (2+0.1, -3+0.1)  {\Cross} ;
  \node       at (3+0.1, 0+0.1)  {\Cross} ;
  \node       at (3+0.1, -3+0.1)  {\Cross} ;
  \node       at (3+0.1, -6+0.1)  {\Cross} ;
  \node       at (3+0.1, -5+0.1)  {\Cross} ;
  \node       at (3+0.1, -2+0.1)  {\Cross} ;
  \node[tick] at (1, -3)  {} ;
  \node[date] at (1, -3)  {20} ;
  \node[tick] at (1, 0)  {} ;
  \node[date] at (1, 0)  {10} ;
  \node[date] at (1, -1)  {10} ;
  \node[date] at (1, -4)  {20} ;
  \node[date] at (2, -1)  {15} ;
  \node[tick] at (2, -2)  {} ;
  \node[date] at (2, -4)  {35} ;
  \node[tick] at (2, -5)  {} ;
  \node[date] at (2, 0)  {15} ;
  \node[date] at (2, -3)  {35} ;
  \node[tick] at (2, -6)  {} ;
  \node[date] at (3, -1)  {25} ;
  \node[tick] at (3, -7)  {} ;
  \node[date] at (3, 0)  {25} ;
