  \node       at (2+0.1, -3+0.1)  {\Cross} ;
  \node       at (2+0.1, -4+0.1)  {\Cross} ;
  \node       at (3+0.1, -4+0.1)  {\Cross} ;
  \node       at (5+0.1, -3+0.1)  {\Cross} ;
  \node       at (5+0.1, -4+0.1)  {\Cross} ;
  \node[tick] at (1, -3)  {} ;
  \node[date] at (1, -3)  {0.} ;
  \node[date] at (1, -1)  {0.} ;
  \node[date] at (1, -2)  {0.} ;
  \node[date] at (1, 0)  {0.} ;
  \node[tick] at (1, -4)  {} ;
  \node[date] at (2, 0)  {0.022} ;
  \node[tick] at (2, -6)  {} ;
  \node[date] at (2, -1)  {264.} ;
  \node[date] at (2, -2)  {132.} ;
  \node[date] at (2, -3)  {0.733333333333} ;
  \node[date] at (3, -3)  {1.} ;
  \node[tick] at (3, -3)  {} ;
  \node[date] at (3, -1)  {360.} ;
  \node[date] at (3, -2)  {180.} ;
  \node[date] at (3, 0)  {0.03} ;
  \node[tick] at (3, -5)  {} ;
  \node[date] at (4, -3)  {2.} ;
  \node[tick] at (4, -3)  {} ;
  \node[date] at (4, -1)  {720.} ;
  \node[date] at (4, -2)  {360.} ;
  \node[date] at (4, 0)  {0.06} ;
  \node[tick] at (4, -4)  {} ;
  \node[date] at (5, 0)  {0.082} ;
  \node[tick] at (5, -6)  {} ;
  \node[date] at (5, -1)  {984.} ;
  \node[date] at (5, -2)  {492.} ;
  \node[date] at (5, -3)  {2.73333333333} ;
