  \node[tick] at (1, -1)  {} ;
  \node[date] at (1, -1)  {0.} ;
  \node[date] at (1, 0)  {0.} ;
  \node[tick] at (1, -2)  {} ;
  \node[date] at (2, -1)  {1.} ;
  \node[tick] at (2, -1)  {} ;
  \node[date] at (2, 0)  {60.} ;
  \node[tick] at (2, -2)  {} ;
  \node[date] at (3, -1)  {2.} ;
  \node[tick] at (3, -1)  {} ;
  \node[date] at (3, 0)  {120.} ;
  \node[tick] at (3, -2)  {} ;
  \node[date] at (4, -1)  {3.} ;
  \node[tick] at (4, -1)  {} ;
  \node[date] at (4, 0)  {180.} ;
  \node[tick] at (4, -2)  {} ;
