  \node       at (2+0.1, -1+0.1)  {\Cross} ;
  \node       at (2+0.1, -3+0.1)  {\Cross} ;
  \node       at (2+0.1, -2+0.1)  {\Cross} ;
  \node       at (3+0.1, -1+0.1)  {\Cross} ;
  \node       at (3+0.1, -3+0.1)  {\Cross} ;
  \node       at (3+0.1, -2+0.1)  {\Cross} ;
  \node       at (4+0.1, -1+0.1)  {\Cross} ;
  \node       at (4+0.1, -3+0.1)  {\Cross} ;
  \node       at (4+0.1, -2+0.1)  {\Cross} ;
  \node       at (5+0.1, -2+0.1)  {\Cross} ;
  \node       at (5+0.1, -3+0.1)  {\Cross} ;
  \node       at (6+0.1, -1+0.1)  {\Cross} ;
  \node       at (6+0.1, -3+0.1)  {\Cross} ;
  \node       at (6+0.1, -2+0.1)  {\Cross} ;
  \node       at (7+0.1, -1+0.1)  {\Cross} ;
  \node       at (7+0.1, -3+0.1)  {\Cross} ;
  \node       at (7+0.1, -2+0.1)  {\Cross} ;
  \node       at (8+0.1, -1+0.1)  {\Cross} ;
  \node       at (8+0.1, -3+0.1)  {\Cross} ;
  \node       at (8+0.1, -2+0.1)  {\Cross} ;
  \node       at (9+0.1, -2+0.1)  {\Cross} ;
  \node       at (9+0.1, -3+0.1)  {\Cross} ;
  \node       at (10+0.1, -1+0.1)  {\Cross} ;
  \node       at (10+0.1, -3+0.1)  {\Cross} ;
  \node       at (10+0.1, -2+0.1)  {\Cross} ;
  \node[tick] at (1, -3)  {} ;
  \node[date] at (1, -3)  {0} ;
  \node[tick] at (1, -2)  {} ;
  \node[date] at (1, -2)  {0} ;
  \node[tick] at (1, -1)  {} ;
  \node[date] at (1, -1)  {0} ;
  \node[tick] at (1, 0)  {} ;
  \node[date] at (1, 0)  {0} ;
  \node[tick] at (1, -4)  {} ;
  \node[date] at (2, 0)  {1} ;
  \node[tick] at (2, 0)  {} ;
  \node[date] at (2, -1)  {1} ;
  \node[date] at (2, -2)  {1} ;
  \node[date] at (2, -3)  {1} ;
  \node[date] at (3, 0)  {2} ;
  \node[tick] at (3, 0)  {} ;
  \node[date] at (3, -1)  {2} ;
  \node[date] at (3, -2)  {2} ;
  \node[date] at (3, -3)  {2} ;
  \node[date] at (4, 0)  {3} ;
  \node[tick] at (4, 0)  {} ;
  \node[date] at (4, -1)  {3} ;
  \node[date] at (4, -2)  {3} ;
  \node[date] at (4, -3)  {3} ;
  \node[date] at (5, -1)  {4} ;
  \node[tick] at (5, -1)  {} ;
  \node[date] at (5, 0)  {4} ;
  \node[tick] at (5, 0)  {} ;
  \node[date] at (5, -2)  {4} ;
  \node[date] at (5, -3)  {4} ;
  \node[tick] at (5, -4)  {} ;
  \node[date] at (6, 0)  {5} ;
  \node[tick] at (6, 0)  {} ;
  \node[date] at (6, -1)  {5} ;
  \node[date] at (6, -2)  {5} ;
  \node[date] at (6, -3)  {5} ;
  \node[date] at (7, 0)  {6} ;
  \node[tick] at (7, 0)  {} ;
  \node[date] at (7, -1)  {6} ;
  \node[date] at (7, -2)  {6} ;
  \node[date] at (7, -3)  {6} ;
  \node[date] at (8, 0)  {7} ;
  \node[tick] at (8, 0)  {} ;
  \node[date] at (8, -1)  {7} ;
  \node[date] at (8, -2)  {7} ;
  \node[date] at (8, -3)  {7} ;
  \node[date] at (9, -1)  {8} ;
  \node[tick] at (9, -1)  {} ;
  \node[date] at (9, 0)  {8} ;
  \node[tick] at (9, 0)  {} ;
  \node[date] at (9, -2)  {8} ;
  \node[date] at (9, -3)  {8} ;
  \node[tick] at (9, -4)  {} ;
  \node[date] at (10, 0)  {9} ;
  \node[tick] at (10, 0)  {} ;
  \node[date] at (10, -1)  {9} ;
  \node[date] at (10, -2)  {9} ;
  \node[date] at (10, -3)  {9} ;
