  \node       at (1+0.1, -5+0.1)  {\Cross} ;
  \node       at (2+0.1, -3+0.1)  {\Cross} ;
  \node       at (2+0.1, -4+0.1)  {\Cross} ;
  \node       at (2+0.1, -5+0.1)  {\Cross} ;
  \node       at (3+0.1, -3+0.1)  {\Cross} ;
  \node       at (3+0.1, -4+0.1)  {\Cross} ;
  \node       at (4+0.1, -3+0.1)  {\Cross} ;
  \node       at (4+0.1, -4+0.1)  {\Cross} ;
  \node       at (4+0.1, -5+0.1)  {\Cross} ;
  \node[tick] at (1, -3)  {} ;
  \node[date] at (1, -3)  {500.0} ;
  \node[date] at (1, 0)  {500.0} ;
  \node[date] at (1, -1)  {0.5} ;
  \node[date] at (1, -2)  {0.0083333333} ;
  \node[tick] at (1, -4)  {} ;
  \node[date] at (2, -1)  {1.5} ;
  \node[tick] at (2, -6)  {} ;
  \node[date] at (2, 0)  {1500.0} ;
  \node[date] at (2, -2)  {0.025} ;
  \node[date] at (2, -3)  {1500.0} ;
  \node[date] at (3, -2)  {1.008333333} ;
  \node[tick] at (3, -5)  {} ;
  \node[date] at (3, 0)  {60500.0} ;
  \node[date] at (3, -1)  {60.5} ;
  \node[date] at (3, -3)  {60500.0} ;
  \node[date] at (4, 0)  {60550.0} ;
  \node[tick] at (4, -7)  {} ;
  \node[date] at (4, -1)  {60.55} ;
  \node[date] at (4, -2)  {1.009166666} ;
  \node[date] at (4, -3)  {60550.0} ;
