  \node       at (1+0.1, -1+0.1)  {\Cross} ;
  \node       at (2+0.1, -1+0.1)  {\Cross} ;
