  \node[tick] at (1, 0)  {} ;
  \node[date] at (1, 0)  {1} ;
  \node[date] at (1, -1)  {1} ;
  \node[date] at (1, -2)  {1} ;
  \node[tick] at (1, -1)  {} ;
  \node[tick] at (2, -1)  {} ;
  \node[date] at (2, -1)  {2} ;
  \node[tick] at (2, 0)  {} ;
  \node[date] at (2, 0)  {2} ;
  \node[date] at (2, -2)  {2} ;
  \node[tick] at (2, -2)  {} ;
  \node[tick] at (2, -3)  {} ;
  \node[tick] at (3, -2)  {} ;
  \node[date] at (3, -2)  {3} ;
  \node[tick] at (3, 0)  {} ;
  \node[date] at (3, 0)  {3} ;
  \node[date] at (3, -1)  {3} ;
  \node[tick] at (3, -1)  {} ;

  \node       at (3+0.1, -1+0.1)  {\Cross} ;
  \node[tick] at (1, 0)  {} ;
  \node[date] at (1, 0)  {1} ;
  \node[date] at (1, -1)  {1} ;
  \node[date] at (1, -2)  {1} ;
  \node[tick] at (1, -1)  {} ;
  \node[tick] at (2, -1)  {} ;
  \node[date] at (2, -1)  {2} ;
  \node[tick] at (2, 0)  {} ;
  \node[date] at (2, 0)  {2} ;
  \node[date] at (2, -2)  {2} ;
  \node[tick] at (2, -2)  {} ;
  \node[tick] at (2, -3)  {} ;
  \node[tick] at (3, -2)  {} ;
  \node[date] at (3, -2)  {3} ;
  \node[tick] at (3, 0)  {} ;
  \node[date] at (3, 0)  {3} ;
  \node[date] at (3, -1)  {3} ;

  \node       at (2+0.1, -2+0.1)  {\Cross} ;
  \node[tick] at (1, 0)  {} ;
  \node[date] at (1, 0)  {1} ;
  \node[date] at (1, -1)  {1} ;
  \node[date] at (1, -2)  {1} ;
  \node[tick] at (1, -1)  {} ;
  \node[tick] at (2, -1)  {} ;
  \node[date] at (2, -1)  {2} ;
  \node[tick] at (2, 0)  {} ;
  \node[date] at (2, 0)  {2} ;
  \node[date] at (2, -2)  {2} ;
  \node[tick] at (2, -3)  {} ;
  \node[tick] at (3, -2)  {} ;
  \node[date] at (3, -2)  {3} ;
  \node[tick] at (3, 0)  {} ;
  \node[date] at (3, 0)  {3} ;
  \node[date] at (3, -1)  {3} ;
  \node[tick] at (3, -3)  {} ;

  \node       at (1+0.1, -1+0.1)  {\Cross} ;
  \node[tick] at (1, 0)  {} ;
  \node[date] at (1, 0)  {1} ;
  \node[date] at (1, -1)  {1} ;
  \node[date] at (1, -2)  {1} ;
  \node[tick] at (2, -1)  {} ;
  \node[date] at (2, -1)  {2} ;
  \node[tick] at (2, 0)  {} ;
  \node[date] at (2, 0)  {2} ;
  \node[date] at (2, -2)  {2} ;
  \node[tick] at (3, -2)  {} ;
  \node[date] at (3, -2)  {3} ;
  \node[tick] at (3, 0)  {} ;
  \node[date] at (3, 0)  {3} ;
  \node[date] at (3, -1)  {3} ;
  \node[tick] at (3, -3)  {} ;
