  \node[tick] at (1, 0)  {} ;
  \node[date] at (1, 0)  {0.0} ;
  \node[date] at (1, -2)  {-1.0} ;
  \node[date] at (2, 0)  {1.0} ;
  \node[tick] at (2, 0)  {} ;
  \node[date] at (2, -1)  {0.0} ;
  \node[date] at (2, -2)  {0.0} ;
  \node[date] at (3, 0)  {2.0} ;
  \node[tick] at (3, 0)  {} ;
  \node[date] at (3, -1)  {1.0} ;
  \node[date] at (3, -2)  {1.0} ;
  \node[date] at (4, 0)  {3.0} ;
  \node[tick] at (4, 0)  {} ;
  \node[date] at (4, -1)  {2.0} ;
  \node[date] at (4, -2)  {2.0} ;
  \node[date] at (5, 0)  {4.0} ;
  \node[tick] at (5, 0)  {} ;
  \node[date] at (5, -1)  {3.0} ;
  \node[date] at (5, -2)  {3.0} ;
  \node[date] at (6, 0)  {5.0} ;
  \node[tick] at (6, 0)  {} ;
  \node[date] at (6, -1)  {4.0} ;
  \node[date] at (6, -2)  {4.0} ;
