  \node[date] at (1, 0)  {5.} ;
  \node[date] at (1, -1)  {1.} ;
  \node[date] at (2, 0)  {5.} ;
  \node[date] at (2, -1)  {2.} ;
  \node[date] at (3, 0)  {5.} ;
  \node[date] at (3, -1)  {5.} ;
  \node[date] at (4, 0)  {5.} ;
  \node[date] at (4, -1)  {5.} ;
