  \node[date] at (1, 0)  {1.0} ;
  \node[date] at (1, -1)  {1.0} ;
