  \node       at (1+0.1, -2+0.1)  {\Cross} ;
  \node       at (3+0.1, -1+0.1)  {\Cross} ;
  \node       at (4+0.1, -2+0.1)  {\Cross} ;
  \node       at (5+0.1, -1+0.1)  {\Cross} ;
  \node       at (6+0.1, -1+0.1)  {\Cross} ;
  \node[tick] at (1, -1)  {} ;
  \node[date] at (1, -1)  {0.0} ;
  \node[date] at (1, 0)  {0.0} ;
  \node[date] at (1, -2)  {0.0} ;
  \node[tick] at (2, -2)  {} ;
  \node[date] at (2, -2)  {2.0} ;
  \node[tick] at (2, -1)  {} ;
  \node[date] at (2, -1)  {2.0} ;
  \node[date] at (2, 0)  {2.0} ;
  \node[date] at (3, 0)  {3.0} ;
  \node[tick] at (3, -3)  {} ;
  \node[date] at (3, -1)  {3.0} ;
  \node[date] at (3, -2)  {3.0} ;
  \node[tick] at (4, -1)  {} ;
  \node[date] at (4, -1)  {4.0} ;
  \node[date] at (4, 0)  {4.0} ;
  \node[date] at (4, -2)  {4.0} ;
  \node[date] at (5, 0)  {5.0} ;
  \node[tick] at (5, -3)  {} ;
  \node[date] at (5, -1)  {5.0} ;
  \node[date] at (5, -2)  {5.0} ;
  \node[tick] at (6, -2)  {} ;
  \node[date] at (6, -2)  {5.5} ;
  \node[date] at (6, -1)  {5.5} ;
  \node[date] at (6, 0)  {5.5} ;
