  \node       at (2+0.1, 0+0.1)  {\Cross} ;
  \node[tick] at (1, 0)  {} ;
  \node[date] at (1, 0)  {1} ;
  \node[date] at (1, -1)  {1} ;
  \node[date] at (2, -1)  {10} ;
  \node[tick] at (2, -2)  {} ;
  \node[date] at (2, 0)  {10} ;
